// Jest Snapshot v1, https://goo.gl/fbAQLP

exports[`ThemesComponent renders 1`] = `
<tf-themes>
  <mock:shadow-root>
    <stencil-route-title pagetitle="Themeful - Themes"></stencil-route-title>
    <tf-navigation size="small"></tf-navigation>
    <div class="design-tokens__wrapper">
      <table class="design-tokens">
        <tbody></tbody>
      </table>
    </div>
    <tf-form-integration></tf-form-integration>
  </mock:shadow-root>
</tf-themes>
`;

exports[`ThemesComponent renders with values 1`] = `
<tf-themes>
  <mock:shadow-root>
    <stencil-route-title pagetitle="Themeful - Themes"></stencil-route-title>
    <tf-navigation size="small"></tf-navigation>
    <div class="design-tokens__wrapper">
      <table class="design-tokens">
        <tbody></tbody>
      </table>
    </div>
    <tf-form-integration></tf-form-integration>
  </mock:shadow-root>
</tf-themes>
`;
